[timothylock.ca/index.html]
[backblue.gif]
[fade.gif]
[index.html]
[timothylock.ca/xmlrpc.php]
[timothylock.ca/wp-content/themes/starter/style0235.css]
[timothylock.ca/wp-content/themes/starter/css/font-awesome.min0235.css]
[timothylock.ca/wp-content/themes/starter/quick-style0235.css]
[timothylock.ca/wp-content/themes/starter/css/presets/preset10235.css]
[timothylock.ca/feed/index.html]
[timothylock.ca/wp-content/plugins/themeum-project/css/prettyPhoto0235.css]
[timothylock.ca/wp-includes/js/jquery/jquery-migrate.min1576.js]
[timothylock.ca/xmlrpc0db0.php]
[timothylock.ca/front-page/feed/index.html]
[timothylock.ca/comments/feed/index.html]
[timothylock.ca/wp-includes/js/jquery/jquery90f9.js]
[timothylock.ca/wp-includes/wlwmanifest.xml]
[demo.themeum.com/starter/wp-content/uploads/2014/02/slide-image-new.jpg]
[timothylock.me/wp-content/uploads/2014/08/Internet_map_1024-Recovered.jpg]
[timothylock.ca/competitions/index.html]
[timothylock.ca/category/blog/index.html]
[timothylock.ca/cdn-cgi/l/email-protection.html]
[timothylock.ca/programming-projects/index.html]
[timothylock.ca/wp-content/themes/starter/js/bootstrap.min0235.js]
[timothylock.ca/website-design/index.html]
[timothylock.ca/wp-content/themes/starter/js/SmoothScroll0235.js]
[timothylock.ca/wp-content/themes/starter/js/jquery.scrollTo0235.js]
[timothylock.ca/video-editing-filming/index.html]
[timothylock.ca/wp-content/themes/starter/js/jquery.nav0235.js]
[timothylock.ca/wp-content/themes/starter/js/jquery.parallax0235.js]
[timothylock.ca/wp-content/themes/starter/js/main0235.js]
[timothylock.ca/index.html]
[timothylock.ca/wp-content/plugins/themeum-project/js/prettyphoto-custom0235.js]
[timothylock.ca/wp-content/themes/starter/css/bootstrap.min.css]
[timothylock.ca/wp-content/themes/starter/css/font-awesome.min.css]
[timothylock.ca/wp-content/themes/starter/css/main.css]
[timothylock.ca/wp-content/themes/starter/style0235.css]
[timothylock.ca/wp-content/plugins/themeum-project/js/jquery.prettyPhoto0235.js]
[timothylock.ca/wp-content/themes/starter/fonts/fontawesome-webfontba72.eot]
[timothylock.ca/wp-content/themes/starter/fonts/fontawesome-webfontba72.woff]
[timothylock.ca/wp-content/themes/starter/fonts/fontawesome-webfontd41d.eot]
[timothylock.ca/wp-content/themes/starter/fonts/fontawesome-webfontba72.svg]
[timothylock.ca/wp-content/themes/starter/css/font-awesome.min0235.css]
[timothylock.ca/wp-content/themes/starter/quick-style0235.css]
[timothylock.ca/wp-content/themes/starter/css/presets/preset10235.css]
[timothylock.ca/wp-content/plugins/themeum-project/images/prettyPhoto/default/sprite.png]
[timothylock.ca/wp-content/plugins/themeum-project/images/prettyPhoto/default/sprite_x.png]
[timothylock.ca/wp-content/plugins/themeum-project/images/prettyPhoto/default/sprite_y.png]
[timothylock.ca/wp-content/plugins/themeum-project/images/prettyPhoto/default/sprite_next.png]
[timothylock.ca/wp-content/plugins/themeum-project/images/prettyPhoto/default/sprite_prev.png]
[timothylock.ca/wp-content/plugins/themeum-project/images/prettyPhoto/default/default_thumb.png]
[timothylock.ca/wp-content/plugins/themeum-project/images/prettyPhoto/default/loader.gif]
[timothylock.ca/wp-content/plugins/themeum-project/images/prettyPhoto/light_rounded/sprite.png]
[timothylock.ca/wp-content/plugins/themeum-project/images/prettyPhoto/light_rounded/btnNext.png]
[timothylock.ca/wp-content/plugins/themeum-project/images/prettyPhoto/light_rounded/btnPrevious.png]
[timothylock.ca/wp-content/plugins/themeum-project/images/prettyPhoto/light_rounded/loader.gif]
[timothylock.ca/wp-content/plugins/themeum-project/images/prettyPhoto/dark_rounded/sprite.png]
[timothylock.ca/wp-content/plugins/themeum-project/images/prettyPhoto/dark_rounded/contentPattern.png]
[timothylock.ca/wp-content/plugins/themeum-project/images/prettyPhoto/dark_rounded/btnNext.png]
[timothylock.ca/wp-content/plugins/themeum-project/images/prettyPhoto/dark_rounded/btnPrevious.png]
[timothylock.ca/wp-content/plugins/themeum-project/images/prettyPhoto/dark_rounded/loader.gif]
[timothylock.ca/wp-content/plugins/themeum-project/images/prettyPhoto/dark_square/loader.gif]
[timothylock.ca/wp-content/plugins/themeum-project/images/prettyPhoto/dark_square/sprite.png]
[timothylock.ca/wp-content/plugins/themeum-project/images/prettyPhoto/dark_square/btnNext.png]
[timothylock.ca/wp-content/plugins/themeum-project/images/prettyPhoto/dark_square/btnPrevious.png]
[timothylock.ca/wp-content/plugins/themeum-project/images/prettyPhoto/light_square/sprite.png]
[timothylock.ca/wp-content/plugins/themeum-project/images/prettyPhoto/light_square/btnNext.png]
[timothylock.ca/wp-content/plugins/themeum-project/images/prettyPhoto/light_square/btnPrevious.png]
[timothylock.ca/wp-content/plugins/themeum-project/images/prettyPhoto/facebook/sprite.png]
[timothylock.ca/wp-content/plugins/themeum-project/images/prettyPhoto/facebook/contentPatternTop.png]
[timothylock.ca/wp-content/plugins/themeum-project/images/prettyPhoto/facebook/contentPatternLeft.png]
[timothylock.ca/wp-content/plugins/themeum-project/images/prettyPhoto/facebook/contentPatternRight.png]
[timothylock.ca/wp-content/plugins/themeum-project/images/prettyPhoto/facebook/loader.gif]
[timothylock.ca/wp-content/plugins/themeum-project/images/prettyPhoto/facebook/btnNext.png]
[timothylock.ca/wp-content/plugins/themeum-project/images/prettyPhoto/facebook/btnPrevious.png]
[timothylock.ca/wp-content/plugins/themeum-project/images/prettyPhoto/facebook/contentPatternBottom.png]
[timothylock.ca/wp-content/plugins/themeum-project/images/prettyPhoto/facebook/default_thumbnail.gif]
[timothylock.ca/wp-content/plugins/themeum-project/css/prettyPhoto0235.css]
[timothylock.ca/category/blog/index.html]
[timothylock.ca/category/blog/feed/index.html]
[timothylock.ca/reverse-engineering-the-tvpad4/index.html]
[timothylock.ca/author/admin/index.html]
[timothylock.ca/the-encounter-with-pebble-support/index.html]
[timothylock.ca/being-a-uoft-student-during-the-strike/index.html]
[timothylock.ca/the-hacking-is-real/index.html]
[timothylock.ca/wp-content/uploads/2014/08/mchacks.png]
[timothylock.ca/competitions/feed/index.html]
[timothylock.ca/wp-content/uploads/2014/08/mchacks-150x150.png]
[timothylock.me/wp-content/uploads/2014/08/medium.png]
[timothylock.me/wp-content/uploads/2014/08/medium-150x150.png]
[104.131.44.81/wp-content/uploads/2014/08/mhacks.png]
[104.131.44.81/wp-content/uploads/2014/08/mhacks-150x150.png]
[localhackday.mlh.io/images/logo.png]
[104.131.44.81/wp-content/uploads/2014/08/logo.png]
[104.131.44.81/wp-content/uploads/2014/08/logo-150x150.png]
[cemc.math.uwaterloo.ca/!images/cemc_logo.gif]
[roboticscomp.engineering.uoit.ca/logo.png]
[timothylock.ca/competitions/index.html]
[timothylock.ca/programming-projects/index.html]
[timothylock.ca/programming-projects/feed/index.html]
[timothylock.ca/website-design/feed/index.html]
[8thmarkham.com/wp-content/uploads/2013/06/8th-Markham-Logo.jpg]
[104.131.44.81/wp-content/uploads/2014/08/8thmarkham.jpg]
[timothylock.ca/website-design/index.html]
[timothylock.ca/video-editing-filming/index.html]
[timothylock.ca/cdn-cgi/l/email-protection.html]
[timothylock.ca/video-editing-filming/feed/index.html]
[timothylock.ca/wp-content/themes/starter/fonts/glyphicons-halflings-regular.woff]
[timothylock.ca/wp-content/themes/starter/fonts/glyphicons-halflings-regular.eot]
[timothylock.ca/wp-content/themes/starter/fonts/glyphicons-halflings-regulard41d.eot]
[timothylock.ca/wp-content/themes/starter/css/bootstrap.min.css]
[timothylock.ca/wp-content/themes/starter/css/font-awesome.min.css]
[timothylock.ca/wp-content/themes/starter/css/main.css]
[timothylock.ca/wp-content/themes/starter/fonts/fontawesome-webfontba72.html]
[timothylock.ca/wp-content/themes/starter/fonts/fontawesome-webfontba72.svg]
[timothylock.ca/wp-content/themes/starter/fonts/glyphicons-halflings-regular.svg]
[timothylock.ca/wp-content/uploads/2015/04/FB_IMG_1428101343397.jpg]
[timothylock.ca/reverse-engineering-the-tvpad4/feed/index.html]
[timothylock.ca/wp-content/uploads/2015/04/FB_IMG_1428101343397-768x1024.jpg]
[timothylock.ca/reverse-engineering-the-tvpad4/index.html]
[timothylock.ca/author/admin/index.html]
[timothylock.ca/being-a-uoft-student-during-the-strike/index.html]
[timothylock.ca/author/admin/feed/index.html]
[timothylock.ca/being-a-uoft-student-during-the-strike/feed/index.html]
[timothylock.ca/wp-content/uploads/2015/03/unnamed.jpg]
[timothylock.ca/the-encounter-with-pebble-support/feed/index.html]
[timothylock.ca/wp-content/uploads/2015/03/unnamed-225x300.jpg]
[timothylock.ca/wp-includes/images/smilies/icon_smile.gif]
[timothylock.ca/wp-content/uploads/2015/03/IMG_20150403_193203.jpg]
[timothylock.ca/wp-content/uploads/2015/03/IMG_20150403_193203-1024x768.jpg]
[timothylock.ca/wp-content/uploads/2015/03/IMG_20150403_132305.jpg]
[timothylock.ca/wp-content/uploads/2015/03/IMG_20150403_132305-768x1024.jpg]
[timothylock.ca/the-encounter-with-pebble-support/index.html]
[timothylock.ca/wp-content/uploads/2015/02/points.png]
[timothylock.ca/the-hacking-is-real/feed/index.html]
[timothylock.ca/wp-content/uploads/2015/02/points-300x154.png]
[timothylock.ca/the-hacking-is-real/index.html]
[timothylock.ca/index2325.html]
[timothylock.ca/index24eb.html]
[timothylock.ca/index9d24.html]
[104.131.44.81/wp-content/uploads/2014/08/8thmarkham-300x206.html]
[timothylock.ca/indexe145.html]
[timothylock.ca/wp-content/themes/starter/fonts/glyphicons-halflings-regular.html]
[timothylock.ca/wp-content/themes/starter/fonts/glyphicons-halflings-regular.svg]
[timothylock.ca/index2f7a.html]
[timothylock.ca/index4c2b.html]
[timothylock.ca/index63e6.html]
[timothylock.ca/indexa379.html]
